---
source: src/narrate/merge/tests/render.rs
assertion_line: 429
expression: md
---
I renamed the field in both files

`src/api.rs`:
```diff
-    timeout: u64,
+    timeout: Duration,
```

`src/client.rs`:
```diff
-    connect_timeout: u64,
+    connect_timeout: Duration,
```

to use Duration instead of raw u64
